../Core/Src/main.c:95:5:main	8	static
../Core/Src/main.c:183:6:SystemClock_Config	112	static
../Core/Src/main.c:230:13:MX_IWDG_Init	8	static
../Core/Src/main.c:259:13:MX_USART2_UART_Init	8	static
../Core/Src/main.c:294:13:MX_GPIO_Init	48	static
../Core/Src/main.c:337:6:StartTask1	16	static
../Core/Src/main.c:357:6:StartTask2	16	static
../Core/Src/main.c:383:6:StartTask3	16	static
../Core/Src/main.c:403:6:HAL_TIM_PeriodElapsedCallback	16	static
../Core/Src/main.c:421:6:Error_Handler	8	static,ignoring_inline_asm
